current directory: /Users/carsonross/Desktop/Contexto/backend/vendor/bundle/ruby/3.3.0/gems/date-3.4.1/ext/date
/Users/carsonross/.rvm/rubies/ruby-3.3.5/bin/ruby extconf.rb
checking for rb_category_warn()... yes
checking for timezone in time.h with  -Werror... yes
checking for altzone in time.h with  -Werror... no
creating Makefile

current directory: /Users/carsonross/Desktop/Contexto/backend/vendor/bundle/ruby/3.3.0/gems/date-3.4.1/ext/date
make DESTDIR\= sitearchdir\=./.gem.20251109-51760-gj77nk sitelibdir\=./.gem.20251109-51760-gj77nk clean

current directory: /Users/carsonross/Desktop/Contexto/backend/vendor/bundle/ruby/3.3.0/gems/date-3.4.1/ext/date
make DESTDIR\= sitearchdir\=./.gem.20251109-51760-gj77nk sitelibdir\=./.gem.20251109-51760-gj77nk
compiling date_core.c
compiling date_parse.c
compiling date_strftime.c
compiling date_strptime.c
linking shared-object date_core.bundle

current directory: /Users/carsonross/Desktop/Contexto/backend/vendor/bundle/ruby/3.3.0/gems/date-3.4.1/ext/date
make DESTDIR\= sitearchdir\=./.gem.20251109-51760-gj77nk sitelibdir\=./.gem.20251109-51760-gj77nk install
/opt/homebrew/opt/coreutils/bin/ginstall -c -m 0755 date_core.bundle ./.gem.20251109-51760-gj77nk

current directory: /Users/carsonross/Desktop/Contexto/backend/vendor/bundle/ruby/3.3.0/gems/date-3.4.1/ext/date
make DESTDIR\= sitearchdir\=./.gem.20251109-51760-gj77nk sitelibdir\=./.gem.20251109-51760-gj77nk clean
