current directory: /Users/carsonross/Desktop/Contexto/backend/vendor/bundle/ruby/3.2.0/gems/ed25519-1.4.0/ext/ed25519_ref10
/Users/carsonross/.rvm/rubies/ruby-3.2.3/bin/ruby extconf.rb
checking for whether -Wall is accepted as CFLAGS... yes
checking for whether -O3 is accepted as CFLAGS... yes
checking for whether -pedantic is accepted as CFLAGS... no
checking for whether -std=c99 is accepted as CFLAGS... yes
creating Makefile

current directory: /Users/carsonross/Desktop/Contexto/backend/vendor/bundle/ruby/3.2.0/gems/ed25519-1.4.0/ext/ed25519_ref10
make DESTDIR\= sitearchdir\=./.gem.20251109-75065-kpd4sg sitelibdir\=./.gem.20251109-75065-kpd4sg clean

current directory: /Users/carsonross/Desktop/Contexto/backend/vendor/bundle/ruby/3.2.0/gems/ed25519-1.4.0/ext/ed25519_ref10
make DESTDIR\= sitearchdir\=./.gem.20251109-75065-kpd4sg sitelibdir\=./.gem.20251109-75065-kpd4sg
compiling ed25519_ref10.c
compiling fe.c
compiling ge.c
compiling keypair.c
compiling open.c
compiling sc_muladd.c
compiling sc_reduce.c
compiling sha512.c
compiling sign.c
compiling verify.c
linking shared-object ed25519_ref10.bundle
ld: warning: ignoring duplicate libraries: '-lruby.3.2'

current directory: /Users/carsonross/Desktop/Contexto/backend/vendor/bundle/ruby/3.2.0/gems/ed25519-1.4.0/ext/ed25519_ref10
make DESTDIR\= sitearchdir\=./.gem.20251109-75065-kpd4sg sitelibdir\=./.gem.20251109-75065-kpd4sg install
/opt/homebrew/opt/coreutils/bin/ginstall -c -m 0755 ed25519_ref10.bundle ./.gem.20251109-75065-kpd4sg

current directory: /Users/carsonross/Desktop/Contexto/backend/vendor/bundle/ruby/3.2.0/gems/ed25519-1.4.0/ext/ed25519_ref10
make DESTDIR\= sitearchdir\=./.gem.20251109-75065-kpd4sg sitelibdir\=./.gem.20251109-75065-kpd4sg clean
