current directory: /Users/carsonross/Desktop/Contexto/backend/vendor/bundle/ruby/3.3.0/gems/psych-5.2.6/ext/psych
/Users/carsonross/.rvm/rubies/ruby-3.3.5/bin/ruby extconf.rb
checking for pkg-config for yaml-0.1... not found
checking for yaml.h... yes
checking for yaml_get_version() in -lyaml... yes
creating Makefile

current directory: /Users/carsonross/Desktop/Contexto/backend/vendor/bundle/ruby/3.3.0/gems/psych-5.2.6/ext/psych
make DESTDIR\= sitearchdir\=./.gem.20251109-51760-kfderw sitelibdir\=./.gem.20251109-51760-kfderw clean
cd libyaml && make clean
/bin/sh: line 0: cd: libyaml: No such file or directory
make: [Makefile:284: clean-so] Error 1 (ignored)

current directory: /Users/carsonross/Desktop/Contexto/backend/vendor/bundle/ruby/3.3.0/gems/psych-5.2.6/ext/psych
make DESTDIR\= sitearchdir\=./.gem.20251109-51760-kfderw sitelibdir\=./.gem.20251109-51760-kfderw
compiling psych.c
compiling psych_emitter.c
compiling psych_parser.c
compiling psych_to_ruby.c
compiling psych_yaml_tree.c
linking shared-object psych.bundle

current directory: /Users/carsonross/Desktop/Contexto/backend/vendor/bundle/ruby/3.3.0/gems/psych-5.2.6/ext/psych
make DESTDIR\= sitearchdir\=./.gem.20251109-51760-kfderw sitelibdir\=./.gem.20251109-51760-kfderw install
/opt/homebrew/opt/coreutils/bin/ginstall -c -m 0755 psych.bundle ./.gem.20251109-51760-kfderw

current directory: /Users/carsonross/Desktop/Contexto/backend/vendor/bundle/ruby/3.3.0/gems/psych-5.2.6/ext/psych
make DESTDIR\= sitearchdir\=./.gem.20251109-51760-kfderw sitelibdir\=./.gem.20251109-51760-kfderw clean
cd libyaml && make clean
/bin/sh: line 0: cd: libyaml: No such file or directory
make: [Makefile:284: clean-so] Error 1 (ignored)
