current directory: /Users/carsonross/Desktop/Contexto/backend/vendor/bundle/ruby/3.3.0/gems/json-2.15.0/ext/json/ext/parser
/Users/carsonross/.rvm/rubies/ruby-3.3.5/bin/ruby extconf.rb
checking for rb_enc_interned_str() in ruby/encoding.h... yes
checking for rb_hash_new_capa() in ruby.h... yes
checking for rb_hash_bulk_insert() in ruby.h... yes
checking for strnlen() in string.h... yes
checking for whether -std=c99 is accepted as CFLAGS... yes
checking for arm_neon.h... yes
checking for cpuid.h... no
creating Makefile

current directory: /Users/carsonross/Desktop/Contexto/backend/vendor/bundle/ruby/3.3.0/gems/json-2.15.0/ext/json/ext/parser
make DESTDIR\= sitearchdir\=./.gem.20251109-51760-eigs8b sitelibdir\=./.gem.20251109-51760-eigs8b clean

current directory: /Users/carsonross/Desktop/Contexto/backend/vendor/bundle/ruby/3.3.0/gems/json-2.15.0/ext/json/ext/parser
make DESTDIR\= sitearchdir\=./.gem.20251109-51760-eigs8b sitelibdir\=./.gem.20251109-51760-eigs8b
compiling parser.c
linking shared-object json/ext/parser.bundle

current directory: /Users/carsonross/Desktop/Contexto/backend/vendor/bundle/ruby/3.3.0/gems/json-2.15.0/ext/json/ext/parser
make DESTDIR\= sitearchdir\=./.gem.20251109-51760-eigs8b sitelibdir\=./.gem.20251109-51760-eigs8b install
/opt/homebrew/opt/coreutils/bin/ginstall -c -m 0755 parser.bundle ./.gem.20251109-51760-eigs8b/json/ext

current directory: /Users/carsonross/Desktop/Contexto/backend/vendor/bundle/ruby/3.3.0/gems/json-2.15.0/ext/json/ext/parser
make DESTDIR\= sitearchdir\=./.gem.20251109-51760-eigs8b sitelibdir\=./.gem.20251109-51760-eigs8b clean
